
> app@1.0.0 build
> next build

   ▲ Next.js 15.5.13

   Creating an optimized production build ...
 ✓ Compiled successfully in 14.5s
   Linting and checking validity of types ...
   Collecting page data ...
   Generating static pages (0/4) ...
   Generating static pages (1/4)
   Generating static pages (2/4)
   Generating static pages (3/4)
 ✓ Generating static pages (4/4)
   Finalizing page optimization ...
   Collecting build traces ...
   Exporting (0/2) ...
 ✓ Exporting (2/2)

Route (app)                                 Size  First Load JS
┌ ○ /                                     148 kB         250 kB
└ ○ /_not-found                            991 B         103 kB
+ First Load JS shared by all             102 kB
  ├ chunks/255-e3d1c85aeff8c89d.js       46.1 kB
  ├ chunks/4bd1b696-c023c6e3521b1417.js  54.2 kB
  └ other shared chunks (total)           1.9 kB


○  (Static)  prerendered as static content
